0 verbose cli C:\Program Files\nodejs\node.exe C:\Program Files\nodejs\node_modules\npm\bin\npm-cli.js
1 info using npm@11.19.0
2 info using node@v24.21.0
3 silly config load:file:C:\Program Files\nodejs\node_modules\npm\npmrc
4 silly config load:file:D:\Pradeep Portfolio file\portfolio\.npmrc
5 silly config load:file:C:\Users\Pradeep\.npmrc
6 silly config load:file:C:\Users\Pradeep\AppData\Roaming\npm\etc\npmrc
7 verbose title npm install
8 verbose argv "install" "--cache" ".npm-cache"
9 verbose logfile logs-max:10 dir:D:\Pradeep Portfolio file\portfolio\.npm-cache\_logs\2026-09-22T10_51_44_097Z-
10 verbose logfile D:\Pradeep Portfolio file\portfolio\.npm-cache\_logs\2026-09-22T10_51_44_097Z-debug-0.log
11 silly logfile done cleaning log files
12 silly packumentCache heap:2348810240 maxSize:587202560 maxEntrySize:293601280
13 silly idealTree buildDeps
14 silly fetch manifest multer@^2.0.2
15 silly packumentCache full:https://registry.npmjs.org/multer cache-miss
16 http cache https://registry.npmjs.org/multer 101ms (cache hit)
17 silly packumentCache full:https://registry.npmjs.org/multer set size:164135 disposed:false
18 silly placeDep ROOT multer@2.4.0 REPLACE for: uttam-portfolio@1.0.0 want: ^2.0.2
19 silly reify mark retired [ 'D:\\Pradeep Portfolio file\\portfolio\\node_modules\\buffer-from' ]
20 silly reify mark retired [
20 silly reify   'D:\\Pradeep Portfolio file\\portfolio\\node_modules\\concat-stream'
20 silly reify ]
21 silly reify mark retired [ 'D:\\Pradeep Portfolio file\\portfolio\\node_modules\\core-util-is' ]
22 silly reify mark retired [ 'D:\\Pradeep Portfolio file\\portfolio\\node_modules\\isarray' ]
23 silly reify mark retired [ 'D:\\Pradeep Portfolio file\\portfolio\\node_modules\\minimist' ]
24 silly reify mark retired [
24 silly reify   'D:\\Pradeep Portfolio file\\portfolio\\node_modules\\mkdirp',
24 silly reify   'D:\\Pradeep Portfolio file\\portfolio\\node_modules\\.bin\\mkdirp',
24 silly reify   'D:\\Pradeep Portfolio file\\portfolio\\node_modules\\.bin\\mkdirp.cmd',
24 silly reify   'D:\\Pradeep Portfolio file\\portfolio\\node_modules\\.bin\\mkdirp.ps1'
24 silly reify ]
25 silly reify mark retired [ 'D:\\Pradeep Portfolio file\\portfolio\\node_modules\\multer' ]
26 silly reify mark retired [
26 silly reify   'D:\\Pradeep Portfolio file\\portfolio\\node_modules\\object-assign'
26 silly reify ]
27 silly reify mark retired [
27 silly reify   'D:\\Pradeep Portfolio file\\portfolio\\node_modules\\process-nextick-args'
27 silly reify ]
28 silly reify mark retired [
28 silly reify   'D:\\Pradeep Portfolio file\\portfolio\\node_modules\\readable-stream'
28 silly reify ]
29 silly reify mark retired [
29 silly reify   'D:\\Pradeep Portfolio file\\portfolio\\node_modules\\string_decoder'
29 silly reify ]
30 silly reify mark retired [ 'D:\\Pradeep Portfolio file\\portfolio\\node_modules\\typedarray' ]
31 silly reify mark retired [
31 silly reify   'D:\\Pradeep Portfolio file\\portfolio\\node_modules\\util-deprecate'
31 silly reify ]
32 silly reify mark retired [ 'D:\\Pradeep Portfolio file\\portfolio\\node_modules\\xtend' ]
33 silly reify moves {
33 silly reify   'D:\\Pradeep Portfolio file\\portfolio\\node_modules\\buffer-from': 'D:\\Pradeep Portfolio file\\portfolio\\node_modules\\.buffer-from-3nMNGj6o',
33 silly reify   'D:\\Pradeep Portfolio file\\portfolio\\node_modules\\concat-stream': 'D:\\Pradeep Portfolio file\\portfolio\\node_modules\\.concat-stream-AADO3NGj',
33 silly reify   'D:\\Pradeep Portfolio file\\portfolio\\node_modules\\core-util-is': 'D:\\Pradeep Portfolio file\\portfolio\\node_modules\\.core-util-is-uZvTNX51',
33 silly reify   'D:\\Pradeep Portfolio file\\portfolio\\node_modules\\isarray': 'D:\\Pradeep Portfolio file\\portfolio\\node_modules\\.isarray-oHW3kjj0',
33 silly reify   'D:\\Pradeep Portfolio file\\portfolio\\node_modules\\minimist': 'D:\\Pradeep Portfolio file\\portfolio\\node_modules\\.minimist-SkudkuOd',
33 silly reify   'D:\\Pradeep Portfolio file\\portfolio\\node_modules\\mkdirp': 'D:\\Pradeep Portfolio file\\portfolio\\node_modules\\.mkdirp-6b6GNdUe',
33 silly reify   'D:\\Pradeep Portfolio file\\portfolio\\node_modules\\.bin\\mkdirp': 'D:\\Pradeep Portfolio file\\portfolio\\node_modules\\.bin\\.mkdirp-xcVB6MPy',
33 silly reify   'D:\\Pradeep Portfolio file\\portfolio\\node_modules\\.bin\\mkdirp.cmd': 'D:\\Pradeep Portfolio file\\portfolio\\node_modules\\.bin\\.mkdirp.cmd-An8hcuHM',
33 silly reify   'D:\\Pradeep Portfolio file\\portfolio\\node_modules\\.bin\\mkdirp.ps1': 'D:\\Pradeep Portfolio file\\portfolio\\node_modules\\.bin\\.mkdirp.ps1-63cllTbR',
33 silly reify   'D:\\Pradeep Portfolio file\\portfolio\\node_modules\\multer': 'D:\\Pradeep Portfolio file\\portfolio\\node_modules\\.multer-eU47fP21',
33 silly reify   'D:\\Pradeep Portfolio file\\portfolio\\node_modules\\object-assign': 'D:\\Pradeep Portfolio file\\portfolio\\node_modules\\.object-assign-ZxNk4tcY',
33 silly reify   'D:\\Pradeep Portfolio file\\portfolio\\node_modules\\process-nextick-args': 'D:\\Pradeep Portfolio file\\portfolio\\node_modules\\.process-nextick-args-AchB5AhY',
33 silly reify   'D:\\Pradeep Portfolio file\\portfolio\\node_modules\\readable-stream': 'D:\\Pradeep Portfolio file\\portfolio\\node_modules\\.readable-stream-euYfphRv',
33 silly reify   'D:\\Pradeep Portfolio file\\portfolio\\node_modules\\string_decoder': 'D:\\Pradeep Portfolio file\\portfolio\\node_modules\\.string_decoder-pcFgjB2n',
33 silly reify   'D:\\Pradeep Portfolio file\\portfolio\\node_modules\\typedarray': 'D:\\Pradeep Portfolio file\\portfolio\\node_modules\\.typedarray-kaEopXHW',
33 silly reify   'D:\\Pradeep Portfolio file\\portfolio\\node_modules\\util-deprecate': 'D:\\Pradeep Portfolio file\\portfolio\\node_modules\\.util-deprecate-bSDmxYr9',
33 silly reify   'D:\\Pradeep Portfolio file\\portfolio\\node_modules\\xtend': 'D:\\Pradeep Portfolio file\\portfolio\\node_modules\\.xtend-x7fQD6hK'
33 silly reify }
34 silly audit bulk request {
34 silly audit   '@mongodb-js/saslprep': [ '1.5.4' ],
34 silly audit   '@types/webidl-conversions': [ '7.0.3' ],
34 silly audit   '@types/whatwg-url': [ '11.0.5' ],
34 silly audit   accepts: [ '1.3.8' ],
34 silly audit   'append-field': [ '1.0.0' ],
34 silly audit   'array-flatten': [ '1.1.1' ],
34 silly audit   bcryptjs: [ '2.4.3' ],
34 silly audit   'body-parser': [ '1.20.8' ],
34 silly audit   bson: [ '6.10.4' ],
34 silly audit   'buffer-equal-constant-time': [ '1.0.1' ],
34 silly audit   busboy: [ '1.6.0' ],
34 silly audit   bytes: [ '3.1.2' ],
34 silly audit   'call-bind-apply-helpers': [ '1.0.2' ],
34 silly audit   'call-bound': [ '1.0.4' ],
34 silly audit   'content-disposition': [ '0.5.4' ],
34 silly audit   'content-type': [ '1.0.5' ],
34 silly audit   cookie: [ '0.7.2' ],
34 silly audit   'cookie-signature': [ '1.0.7' ],
34 silly audit   debug: [ '2.6.9', '4.4.3' ],
34 silly audit   depd: [ '2.0.0' ],
34 silly audit   destroy: [ '1.2.0' ],
34 silly audit   dotenv: [ '16.6.1' ],
34 silly audit   'dunder-proto': [ '1.0.1' ],
34 silly audit   'ecdsa-sig-formatter': [ '1.0.11' ],
34 silly audit   'ee-first': [ '1.1.1' ],
34 silly audit   encodeurl: [ '2.0.0' ],
34 silly audit   'es-define-property': [ '1.0.1' ],
34 silly audit   'es-errors': [ '1.3.0' ],
34 silly audit   'es-object-atoms': [ '1.1.2' ],
34 silly audit   'escape-html': [ '1.0.3' ],
34 silly audit   etag: [ '1.8.1' ],
34 silly audit   express: [ '4.22.3' ],
34 silly audit   finalhandler: [ '1.3.2' ],
34 silly audit   forwarded: [ '0.2.0' ],
34 silly audit   fresh: [ '0.5.2' ],
34 silly audit   'function-bind': [ '1.1.2' ],
34 silly audit   'get-intrinsic': [ '1.3.0' ],
34 silly audit   'get-proto': [ '1.0.1' ],
34 silly audit   gopd: [ '1.2.0' ],
34 silly audit   'has-symbols': [ '1.1.0' ],
34 silly audit   hasown: [ '2.0.4' ],
34 silly audit   'http-errors': [ '2.0.1' ],
34 silly audit   'iconv-lite': [ '0.4.24' ],
34 silly audit   inherits: [ '2.0.4' ],
34 silly audit   'ipaddr.js': [ '1.9.1' ],
34 silly audit   jsonwebtoken: [ '9.0.3' ],
34 silly audit   ms: [ '2.1.3', '2.0.0' ],
34 silly audit   jwa: [ '2.0.1' ],
34 silly audit   jws: [ '4.0.1' ],
34 silly audit   kareem: [ '2.6.3' ],
34 silly audit   'lodash.includes': [ '4.3.0' ],
34 silly audit   'lodash.isboolean': [ '3.0.3' ],
34 silly audit   'lodash.isinteger': [ '4.0.4' ],
34 silly audit   'lodash.isnumber': [ '3.0.3' ],
34 silly audit   'lodash.isplainobject': [ '4.0.6' ],
34 silly audit   'lodash.isstring': [ '4.0.1' ],
34 silly audit   'lodash.once': [ '4.1.1' ],
34 silly audit   'math-intrinsics': [ '1.1.0' ],
34 silly audit   'media-typer': [ '0.3.0' ],
34 silly audit   'memory-pager': [ '1.5.0' ],
34 silly audit   'merge-descriptors': [ '1.0.3' ],
34 silly audit   methods: [ '1.1.2' ],
34 silly audit   mime: [ '1.6.0' ],
34 silly audit   'mime-db': [ '1.52.0' ],
34 silly audit   'mime-types': [ '2.1.35' ],
34 silly audit   mongodb: [ '6.20.0' ],
34 silly audit   'mongodb-connection-string-url': [ '3.0.2' ],
34 silly audit   mongoose: [ '8.24.4' ],
34 silly audit   mpath: [ '0.9.0' ],
34 silly audit   mquery: [ '5.0.0' ],
34 silly audit   negotiator: [ '0.6.3' ],
34 silly audit   'object-inspect': [ '1.13.4' ],
34 silly audit   'on-finished': [ '2.4.1' ],
34 silly audit   parseurl: [ '1.3.3' ],
34 silly audit   'path-to-regexp': [ '0.1.13' ],
34 silly audit   'proxy-addr': [ '2.0.8' ],
34 silly audit   punycode: [ '2.3.1' ],
34 silly audit   qs: [ '6.16.0' ],
34 silly audit   'range-parser': [ '1.2.1' ],
34 silly audit   'raw-body': [ '2.5.3' ],
34 silly audit   'safe-buffer': [ '5.2.1' ],
34 silly audit   'safer-buffer': [ '2.1.2' ],
34 silly audit   semver: [ '7.8.5' ],
34 silly audit   send: [ '0.19.2' ],
34 silly audit   'serve-static': [ '1.16.3' ],
34 silly audit   setprototypeof: [ '1.2.0' ],
34 silly audit   'side-channel': [ '1.1.1' ],
34 silly audit   'side-channel-list': [ '1.0.1' ],
34 silly audit   'side-channel-map': [ '1.0.1' ],
34 silly audit   'side-channel-weakmap': [ '1.0.2' ],
34 silly audit   sift: [ '17.1.3' ],
34 silly audit   'sparse-bitfield': [ '3.0.3' ],
34 silly audit   statuses: [ '2.0.2' ],
34 silly audit   streamsearch: [ '1.1.0' ],
34 silly audit   toidentifier: [ '1.0.1' ],
34 silly audit   tr46: [ '5.1.1' ],
34 silly audit   'type-is': [ '1.6.18' ],
34 silly audit   unpipe: [ '1.0.0' ],
34 silly audit   'utils-merge': [ '1.0.1' ],
34 silly audit   vary: [ '1.1.2' ],
34 silly audit   'webidl-conversions': [ '7.0.0' ],
34 silly audit   'whatwg-url': [ '14.2.0' ],
34 silly audit   multer: [ '2.4.0' ]
34 silly audit }
35 http cache multer@https://registry.npmjs.org/multer/-/multer-2.4.0.tgz 0ms (cache hit)
36 silly tarball no local data for multer@https://registry.npmjs.org/multer/-/multer-2.4.0.tgz. Extracting by manifest.
37 http fetch GET 200 https://registry.npmjs.org/multer/-/multer-2.4.0.tgz 455ms (cache miss)
38 http fetch POST 200 https://registry.npmjs.org/-/npm/v1/security/advisories/bulk 698ms
39 silly audit report {}
40 silly REMOVE node_modules/xtend
41 silly REMOVE node_modules/util-deprecate
42 silly REMOVE node_modules/typedarray
43 silly REMOVE node_modules/string_decoder
44 silly REMOVE node_modules/string_decoder/node_modules/safe-buffer
45 silly REMOVE node_modules/readable-stream
46 silly REMOVE node_modules/readable-stream/node_modules/safe-buffer
47 silly REMOVE node_modules/process-nextick-args
48 silly REMOVE node_modules/object-assign
49 silly CHANGE node_modules/multer
50 silly REMOVE node_modules/mkdirp
51 silly REMOVE node_modules/minimist
52 silly REMOVE node_modules/isarray
53 silly REMOVE node_modules/core-util-is
54 silly REMOVE node_modules/concat-stream
55 silly REMOVE node_modules/buffer-from
56 verbose cwd D:\Pradeep Portfolio file\portfolio
57 verbose os Windows_NT 10.0.26200
58 verbose node v24.21.0
59 verbose npm  v11.19.0
60 verbose exit 0
61 info ok
